≡ƒöì Testing All API Endpoints Individually

≡ƒöì Testing GET /api/health
Making request to: http://localhost:5001/api/health
Response status: 200, data: {
  status: 'OK',
  message: 'FinAutoJobs Backend API is running',
  timestamp: '2025-09-08T03:51:33.538Z',
  version: '1.0.0'
}
Γ£à Health check successful: FinAutoJobs Backend API is running
≡ƒöì Testing POST /api/auth/register
Making request to: http://localhost:5001/api/auth/register
Response status: 201, data: {
  message: 'User registered successfully',
  user: {
    id: 29,
    username: 'endpoint_test_1757303493560',
    email: 'endpoint_test_1757303493560@test.com',
    role: 'jobseeker',
    created_at: '2025-09-08T03:51:33.566Z'
  },
  token: 'mock-jwt-token-1757303493566'
}
Γ£à User registration successful
≡ƒöì Testing POST /api/auth/login
Making request to: http://localhost:5001/api/auth/login
Response status: 200, data: {
  message: 'Login successful',
  user: {
    id: 29,
    username: 'endpoint_test_1757303493560',
    email: 'endpoint_test_1757303493560@test.com',
    role: 'jobseeker',
    created_at: '2025-09-08T03:51:33.566Z'
  },
  token: 'mock-jwt-token-1757303493573',
  refreshToken: 'mock-refresh-token-1757303493573'
}
Γ£à User login successful
≡ƒöì Testing GET /api/jobs
Making request to: http://localhost:5001/api/jobs
Response status: 200, data: {
  jobs: [
    {
      id: 1,
      title: 'Software Engineer',
      company: 'Tech Corp',
      location: 'Remote',
      salary: '$80,000',
      description: 'Full-stack development role',
      requirements: 'React, Node.js',
      type: 'full-time',
      category: 'technology'
    },
    {
      id: 2,
      title: 'Data Analyst',
      company: 'Data Inc',
      location: 'New York',
      salary: '$65,000',
      description: 'Data analysis and reporting',
      requirements: 'SQL, Python',
      type: 'full-time',
      category: 'analytics'
    },
    {
      id: 3,
      title: 'Test Job Position',
      company: 'Test Company',
      location: 'Test Location',
      salary: '$50,000',
      description: 'Test job description',
      requirements: 'Test requirements',
      type: 'full-time',
      category: 'testing',
      posted_at: '2025-09-08T03:45:32.470Z',
      status: 'active'
    },
    {
      id: 4,
      title: 'Test Job Position',
      company: 'Test Company',
      location: 'Test Location',
      salary: '$50,000',
      description: 'Test job description',
      requirements: 'Test requirements',
      type: 'full-time',
      category: 'testing',
      posted_at: '2025-09-08T03:46:09.941Z',
      status: 'active'
    },
    {
      id: 5,
      title: 'Test Job Position',
      company: 'Test Company',
      location: 'Test Location',
      salary: '$50,000',
      description: 'Test job description',
      requirements: 'Test requirements',
      type: 'full-time',
      category: 'testing',
      posted_at: '2025-09-08T03:46:27.099Z',
      status: 'active'
    },
    {
      id: 6,
      title: 'Test Job Position',
      company: 'Test Company',
      location: 'Test Location',
      salary: '$50,000',
      description: 'Test job description',
      requirements: 'Test requirements',
      type: 'full-time',
      category: 'testing',
      posted_at: '2025-09-08T03:46:46.436Z',
      status: 'active'
    },
    {
      id: 7,
      title: 'Test Job Position',
      company: 'Test Company',
      location: 'Test Location',
      salary: '$50,000',
      description: 'Test job description',
      requirements: 'Test requirements',
      type: 'full-time',
      category: 'testing',
      posted_at: '2025-09-08T03:47:40.109Z',
      status: 'active'
    }
  ],
  total: 7,
  page: 1,
  limit: 10
}
Γ£à Jobs retrieved successfully (7 jobs)
≡ƒöì Testing POST /api/jobs
Making request to: http://localhost:5001/api/jobs
Response status: 201, data: {
  success: true,
  message: 'Job created successfully!',
  job: {
    id: 8,
    title: 'Test Job Position',
    company: 'Test Company',
    location: 'Test Location',
    salary: '$50,000',
    description: 'Test job description',
    requirements: 'Test requirements',
    type: 'full-time',
    category: 'testing',
    posted_at: '2025-09-08T03:51:33.588Z',
    status: 'active'
  },
  warnings: [
    {
      field: 'description',
      message: 'Consider adding more details to your job description (at least 50 characters recommended)',
      type: 'recommendation'
    }
  ],
  tips: 'Consider addressing the warnings above to improve your job posting effectiveness'
}
Γ£à Job creation successful
≡ƒöì Testing GET /api/companies
Making request to: http://localhost:5001/api/companies
Response status: 200, data: {
  companies: [
    {
      id: 1,
      name: 'Tech Corp',
      industry: 'Technology',
      size: '100-500'
    },
    { id: 2, name: 'Data Inc', industry: 'Analytics', size: '50-100' }
  ]
}
Γ£à Companies retrieved successfully (2 companies)
≡ƒöì Testing GET /api/applications
Making request to: http://localhost:5001/api/applications
Response status: 401, data: {
  success: false,
  message: 'Access token required',
  error: 'unauthorized',
  help: 'Please log in to access this resource'
}
Γ¥î Applications retrieval failed
≡ƒöì Testing POST /api/applications
Making request to: http://localhost:5001/applications
Response status: 404, data: { message: 'Route not found', path: '/applications' }
Γ¥î Application creation failed: Route not found
≡ƒöì Testing GET /api/users/profile
Making request to: http://localhost:5001/users/profile
Response status: 404, data: { message: 'Route not found', path: '/users/profile' }
Γ¥î Profile retrieval failed
≡ƒöì Testing PUT /api/users/profile
Making request to: http://localhost:5001/users/profile
Response status: 404, data: { message: 'Route not found', path: '/users/profile' }
Γ¥î Profile update failed
≡ƒöì Testing GET /api/notifications
Making request to: http://localhost:5001/notifications
Response status: 404, data: { message: 'Route not found', path: '/notifications' }
Γ¥î Notifications retrieval failed
≡ƒöì Testing GET /api/dashboard/stats
Making request to: http://localhost:5001/dashboard/stats
Response status: 404, data: { message: 'Route not found', path: '/dashboard/stats' }
Γ¥î Dashboard stats retrieval failed
≡ƒöì Testing GET /api/oauth/config
Making request to: http://localhost:5001/api/oauth/config
Response status: 200, data: {
  providers: { google: true, microsoft: true, apple: true },
  config: {
    google: { enabled: true, clientId: 'mock-google-client-id' },
    microsoft: { enabled: true, clientId: 'mock-microsoft-client-id' },
    apple: { enabled: true, clientId: 'mock-apple-client-id' }
  }
}
Γ£à OAuth config retrieved: Google: undefined, Microsoft: undefined, Apple: undefined
≡ƒöì Testing POST /api/oauth/google
Making request to: http://localhost:5001/api/oauth/google
Response status: 200, data: {
  message: 'Google OAuth successful',
  user: {
    id: 30,
    username: 'google_user_1757303493634',
    email: 'google@example.com',
    full_name: 'Google User',
    role: 'jobseeker',
    google_id: 'mock_google_id',
    created_at: '2025-09-08T03:51:33.634Z'
  },
  token: 'mock-google-jwt-1757303493634'
}
Γ£à google OAuth successful
≡ƒöì Testing POST /api/oauth/microsoft
Making request to: http://localhost:5001/api/oauth/microsoft
Response status: 200, data: {
  message: 'Microsoft OAuth successful',
  user: {
    id: 31,
    username: 'microsoft_user_1757303493638',
    email: 'microsoft@example.com',
    full_name: 'Microsoft User',
    role: 'jobseeker',
    microsoft_id: 'mock_microsoft_id',
    created_at: '2025-09-08T03:51:33.638Z'
  },
  token: 'mock-microsoft-jwt-1757303493638'
}
Γ£à microsoft OAuth successful
≡ƒöì Testing POST /api/oauth/apple
Making request to: http://localhost:5001/api/oauth/apple
Response status: 200, data: {
  message: 'Apple OAuth successful',
  user: {
    id: 32,
    username: 'apple_user_1757303493645',
    email: 'apple@example.com',
    full_name: 'Apple User',
    role: 'jobseeker',
    apple_id: 'mock_apple_id',
    created_at: '2025-09-08T03:51:33.645Z'
  },
  token: 'mock-apple-jwt-1757303493645'
}
Γ£à apple OAuth successful

≡ƒôè Test Summary:
Γ£à Successful: 10
Γ¥î Failed: 6
≡ƒôê Success Rate: 63%
